---
http_interactions:
- request:
    method: post
    uri: https://ord.keep.api.rackspacecloud.com/v1/secrets
    body:
      encoding: UTF-8
      string: '{"name":"596103","algorithm":"aes","bit_length":256,"mode":"cbc","payload":"testing!","payload_content_type":"text/plain"}'
    headers:
      User-Agent:
      - fog/1.29.0 fog-core/1.30.0
      Content-Type:
      - application/json
      Accept:
      - application/json
      X-Auth-Token:
      - 0d5be217aece4fa2ae3c2d39278d632c
  response:
    status:
      code: 201
      message: ''
    headers:
      Date:
      - Mon, 27 Apr 2015 20:26:03 GMT
      Location:
      - http://ord.keep.api.rackspacecloud.com:443/v1/secrets/c5650182-30af-4d13-98b8-61bf4662626f
      Via:
      - 1.1 Repose (Repose/6.2.2.0)
      X-Newrelic-App-Data:
      - PxQEVlBQDgoTUVhbBgQFUUYdFGQHBDcQUQxLA1tMXV1dSmwTWE5FU0tFUgIUBkxAEkhRTgcfB15QCQ8BW15bUABWAVcOCAEeAlcLTRMDB1cBVQ5ZUQcIBQQHUVMEExsABV1FVj8=
      X-Openstack-Request-Id:
      - req-26e9c7d1-ad5d-4876-885b-f95b4e0a9a9f
      Content-Type:
      - application/json; charset=UTF-8
      Content-Length:
      - '105'
      Server:
      - Jetty(9.2.z-SNAPSHOT)
    body:
      encoding: UTF-8
      string: '{"secret_ref": "https://ord.keep.api.rackspacecloud.com/v1/secrets/c5650182-30af-4d13-98b8-61bf4662626f"}'
    http_version: 
  recorded_at: Mon, 27 Apr 2015 20:26:03 GMT
- request:
    method: get
    uri: https://ord.keep.api.rackspacecloud.com/v1/secrets/c5650182-30af-4d13-98b8-61bf4662626f
    body:
      encoding: US-ASCII
      string: ''
    headers:
      User-Agent:
      - fog/1.29.0 fog-core/1.30.0
      Content-Type:
      - application/json
      Accept:
      - application/json
      X-Auth-Token:
      - 0d5be217aece4fa2ae3c2d39278d632c
  response:
    status:
      code: 200
      message: ''
    headers:
      Date:
      - Mon, 27 Apr 2015 20:26:04 GMT
      Via:
      - 1.1 Repose (Repose/6.2.2.0)
      X-Newrelic-App-Data:
      - PxQEVlBQDgoTUVhbBgQFUUYdFGQHBDcQUQxLA1tMXV1dSmwTWE5FU0tFUgIUBkxAHwdUVAIBBl5WHAUDAwBOVlRTC08BAFYKHlMIA1dVBVRWAAVXAEEUAxxUT1IFAgNTVwgDA1peUlsFWghSABQZAx9HWwcFWFBXAgFUVlVVDwRRUUNOUVBbFQFs
      X-Openstack-Request-Id:
      - req-194e9445-1c6c-4f10-bdf1-74f775e11301
      Content-Type:
      - application/json; charset=UTF-8
      Content-Length:
      - '368'
      Server:
      - Jetty(9.2.z-SNAPSHOT)
    body:
      encoding: UTF-8
      string: '{"status": "ACTIVE", "secret_type": "opaque", "updated": "2015-04-27T20:26:03.973179",
        "name": "596103", "algorithm": "aes", "created": "2015-04-27T20:26:03.960663",
        "secret_ref": "https://ord.keep.api.rackspacecloud.com/v1/secrets/c5650182-30af-4d13-98b8-61bf4662626f",
        "content_types": {"default": "text/plain"}, "expiration": null, "bit_length":
        256, "mode": "cbc"}'
    http_version: 
  recorded_at: Mon, 27 Apr 2015 20:26:04 GMT
- request:
    method: delete
    uri: https://ord.keep.api.rackspacecloud.com/v1/secrets/c5650182-30af-4d13-98b8-61bf4662626f
    body:
      encoding: US-ASCII
      string: ''
    headers:
      User-Agent:
      - fog/1.29.0 fog-core/1.30.0
      Content-Type:
      - application/json
      Accept:
      - application/json
      X-Auth-Token:
      - 0d5be217aece4fa2ae3c2d39278d632c
  response:
    status:
      code: 204
      message: ''
    headers:
      Date:
      - Mon, 27 Apr 2015 20:26:04 GMT
      Via:
      - 1.1 Repose (Repose/6.2.2.0)
      X-Newrelic-App-Data:
      - PxQEVlBQDgoTUVhbBgQFUUYdFGQHBDcQUQxLA1tMXV1dSmwTWE5FU0tFUgIUBkxAHwdUVAIBBl5WHAUDAwBOVlRTC08BAFYKHlMIA1dVBVRWAAVXAEEUAxxUT1ICBQZfVgEABVNfUVQCVAFXFAgYEAoBX1FUWFJXAlUGAgVUDFASSAcDW0JSOw==
      X-Openstack-Request-Id:
      - req-6c7baee5-e347-4c9b-8d9c-f8447bc5f672
      Server:
      - Jetty(9.2.z-SNAPSHOT)
    body:
      encoding: UTF-8
      string: ''
    http_version: 
  recorded_at: Mon, 27 Apr 2015 20:26:04 GMT
- request:
    method: get
    uri: https://ord.keep.api.rackspacecloud.com/v1/secrets/c5650182-30af-4d13-98b8-61bf4662626f
    body:
      encoding: US-ASCII
      string: ''
    headers:
      User-Agent:
      - fog/1.29.0 fog-core/1.30.0
      Content-Type:
      - application/json
      Accept:
      - application/json
      X-Auth-Token:
      - 0d5be217aece4fa2ae3c2d39278d632c
  response:
    status:
      code: 404
      message: ''
    headers:
      Date:
      - Mon, 27 Apr 2015 20:26:05 GMT
      Via:
      - 1.1 Repose (Repose/6.2.2.0)
      X-Newrelic-App-Data:
      - PxQEVlBQDgoTUVhbBgQFUUYdFGQHBDcQUQxLA1tMXV1dSmwTWE5FU0tFUgIUBkxAHwdUVAIBBl5WHAUDAwBOVlRTC08BAFYKHlMIA1dVBVRWAAVXAEEUAxxUT1IEBgZSUQAFBFVeVVoGVwpRDBQZAx9HWgIDA1UHV1UGWANbCgACB0NOUVBbFQFs
      X-Openstack-Request-Id:
      - req-2d382f3a-0873-4a7a-a5bd-ffd3cd4d795c
      Content-Type:
      - application/json; charset=UTF-8
      Content-Length:
      - '108'
      Server:
      - Jetty(9.2.z-SNAPSHOT)
    body:
      encoding: UTF-8
      string: '{"code": 404, "description": "Not Found. Sorry but your secret is in
        another castle.", "title": "Not Found"}'
    http_version: 
  recorded_at: Mon, 27 Apr 2015 20:26:05 GMT
recorded_with: VCR 2.9.3
